running egg_info
creating build/clearpath_waypoint_nav/clearpath_waypoint_nav.egg-info
writing build/clearpath_waypoint_nav/clearpath_waypoint_nav.egg-info/PKG-INFO
writing dependency_links to build/clearpath_waypoint_nav/clearpath_waypoint_nav.egg-info/dependency_links.txt
writing entry points to build/clearpath_waypoint_nav/clearpath_waypoint_nav.egg-info/entry_points.txt
writing requirements to build/clearpath_waypoint_nav/clearpath_waypoint_nav.egg-info/requires.txt
writing top-level names to build/clearpath_waypoint_nav/clearpath_waypoint_nav.egg-info/top_level.txt
writing manifest file 'build/clearpath_waypoint_nav/clearpath_waypoint_nav.egg-info/SOURCES.txt'
reading manifest file 'build/clearpath_waypoint_nav/clearpath_waypoint_nav.egg-info/SOURCES.txt'
writing manifest file 'build/clearpath_waypoint_nav/clearpath_waypoint_nav.egg-info/SOURCES.txt'
running build
running build_py
creating /home/tobi/Documents/masters-thesis/code/clearpath_waypoint_nav/build/clearpath_waypoint_nav/build
creating /home/tobi/Documents/masters-thesis/code/clearpath_waypoint_nav/build/clearpath_waypoint_nav/build/lib
creating /home/tobi/Documents/masters-thesis/code/clearpath_waypoint_nav/build/clearpath_waypoint_nav/build/lib/clearpath_waypoint_nav
copying clearpath_waypoint_nav/__init__.py -> /home/tobi/Documents/masters-thesis/code/clearpath_waypoint_nav/build/clearpath_waypoint_nav/build/lib/clearpath_waypoint_nav
copying clearpath_waypoint_nav/waypoint_commander.py -> /home/tobi/Documents/masters-thesis/code/clearpath_waypoint_nav/build/clearpath_waypoint_nav/build/lib/clearpath_waypoint_nav
running install
running install_lib
creating /home/tobi/Documents/masters-thesis/code/clearpath_waypoint_nav/install/clearpath_waypoint_nav/lib/python3.12/site-packages/clearpath_waypoint_nav
copying /home/tobi/Documents/masters-thesis/code/clearpath_waypoint_nav/build/clearpath_waypoint_nav/build/lib/clearpath_waypoint_nav/__init__.py -> /home/tobi/Documents/masters-thesis/code/clearpath_waypoint_nav/install/clearpath_waypoint_nav/lib/python3.12/site-packages/clearpath_waypoint_nav
copying /home/tobi/Documents/masters-thesis/code/clearpath_waypoint_nav/build/clearpath_waypoint_nav/build/lib/clearpath_waypoint_nav/waypoint_commander.py -> /home/tobi/Documents/masters-thesis/code/clearpath_waypoint_nav/install/clearpath_waypoint_nav/lib/python3.12/site-packages/clearpath_waypoint_nav
byte-compiling /home/tobi/Documents/masters-thesis/code/clearpath_waypoint_nav/install/clearpath_waypoint_nav/lib/python3.12/site-packages/clearpath_waypoint_nav/__init__.py to __init__.cpython-312.pyc
byte-compiling /home/tobi/Documents/masters-thesis/code/clearpath_waypoint_nav/install/clearpath_waypoint_nav/lib/python3.12/site-packages/clearpath_waypoint_nav/waypoint_commander.py to waypoint_commander.cpython-312.pyc
running install_data
creating /home/tobi/Documents/masters-thesis/code/clearpath_waypoint_nav/install/clearpath_waypoint_nav/share/ament_index
creating /home/tobi/Documents/masters-thesis/code/clearpath_waypoint_nav/install/clearpath_waypoint_nav/share/ament_index/resource_index
creating /home/tobi/Documents/masters-thesis/code/clearpath_waypoint_nav/install/clearpath_waypoint_nav/share/ament_index/resource_index/packages
copying resource/clearpath_waypoint_nav -> /home/tobi/Documents/masters-thesis/code/clearpath_waypoint_nav/install/clearpath_waypoint_nav/share/ament_index/resource_index/packages
copying package.xml -> /home/tobi/Documents/masters-thesis/code/clearpath_waypoint_nav/install/clearpath_waypoint_nav/share/clearpath_waypoint_nav
creating /home/tobi/Documents/masters-thesis/code/clearpath_waypoint_nav/install/clearpath_waypoint_nav/share/clearpath_waypoint_nav/launch
copying launch/waypoint_nav.launch.py -> /home/tobi/Documents/masters-thesis/code/clearpath_waypoint_nav/install/clearpath_waypoint_nav/share/clearpath_waypoint_nav/launch
creating /home/tobi/Documents/masters-thesis/code/clearpath_waypoint_nav/install/clearpath_waypoint_nav/share/clearpath_waypoint_nav/config
copying config/waypoints.yaml -> /home/tobi/Documents/masters-thesis/code/clearpath_waypoint_nav/install/clearpath_waypoint_nav/share/clearpath_waypoint_nav/config
running install_egg_info
Copying build/clearpath_waypoint_nav/clearpath_waypoint_nav.egg-info to /home/tobi/Documents/masters-thesis/code/clearpath_waypoint_nav/install/clearpath_waypoint_nav/lib/python3.12/site-packages/clearpath_waypoint_nav-0.1.0-py3.12.egg-info
running install_scripts
Installing waypoint_commander script to /home/tobi/Documents/masters-thesis/code/clearpath_waypoint_nav/install/clearpath_waypoint_nav/lib/clearpath_waypoint_nav
writing list of installed files to '/home/tobi/Documents/masters-thesis/code/clearpath_waypoint_nav/build/clearpath_waypoint_nav/install.log'
