[1.382s] Invoking command in '/home/tobi/Documents/masters-thesis/code/clearpath_waypoint_nav': DEBUGINFOD_URLS=https://debuginfod.ubuntu.com PYTHONPATH=/home/tobi/Documents/masters-thesis/code/clearpath_waypoint_nav/build/clearpath_waypoint_nav/prefix_override:/usr/lib/python3/dist-packages/colcon_core/task/python/colcon_distutils_commands:/home/tobi/Documents/masters-thesis/code/clearpath_waypoint_nav/install/clearpath_waypoint_nav/lib/python3.12/site-packages:${PYTHONPATH} /usr/bin/python3 -W ignore:setup.py install is deprecated -W ignore:easy_install command is deprecated setup.py egg_info --egg-base build/clearpath_waypoint_nav build --build-base /home/tobi/Documents/masters-thesis/code/clearpath_waypoint_nav/build/clearpath_waypoint_nav/build install --record /home/tobi/Documents/masters-thesis/code/clearpath_waypoint_nav/build/clearpath_waypoint_nav/install.log --single-version-externally-managed install_data
[1.697s] running egg_info
[1.697s] creating build/clearpath_waypoint_nav/clearpath_waypoint_nav.egg-info
[1.709s] writing build/clearpath_waypoint_nav/clearpath_waypoint_nav.egg-info/PKG-INFO
[1.709s] writing dependency_links to build/clearpath_waypoint_nav/clearpath_waypoint_nav.egg-info/dependency_links.txt
[1.710s] writing entry points to build/clearpath_waypoint_nav/clearpath_waypoint_nav.egg-info/entry_points.txt
[1.710s] writing requirements to build/clearpath_waypoint_nav/clearpath_waypoint_nav.egg-info/requires.txt
[1.710s] writing top-level names to build/clearpath_waypoint_nav/clearpath_waypoint_nav.egg-info/top_level.txt
[1.710s] writing manifest file 'build/clearpath_waypoint_nav/clearpath_waypoint_nav.egg-info/SOURCES.txt'
[1.736s] reading manifest file 'build/clearpath_waypoint_nav/clearpath_waypoint_nav.egg-info/SOURCES.txt'
[1.736s] writing manifest file 'build/clearpath_waypoint_nav/clearpath_waypoint_nav.egg-info/SOURCES.txt'
[1.736s] running build
[1.736s] running build_py
[1.736s] creating /home/tobi/Documents/masters-thesis/code/clearpath_waypoint_nav/build/clearpath_waypoint_nav/build
[1.736s] creating /home/tobi/Documents/masters-thesis/code/clearpath_waypoint_nav/build/clearpath_waypoint_nav/build/lib
[1.737s] creating /home/tobi/Documents/masters-thesis/code/clearpath_waypoint_nav/build/clearpath_waypoint_nav/build/lib/clearpath_waypoint_nav
[1.737s] copying clearpath_waypoint_nav/__init__.py -> /home/tobi/Documents/masters-thesis/code/clearpath_waypoint_nav/build/clearpath_waypoint_nav/build/lib/clearpath_waypoint_nav
[1.737s] copying clearpath_waypoint_nav/waypoint_commander.py -> /home/tobi/Documents/masters-thesis/code/clearpath_waypoint_nav/build/clearpath_waypoint_nav/build/lib/clearpath_waypoint_nav
[1.737s] running install
[1.741s] running install_lib
[1.757s] creating /home/tobi/Documents/masters-thesis/code/clearpath_waypoint_nav/install/clearpath_waypoint_nav/lib/python3.12/site-packages/clearpath_waypoint_nav
[1.757s] copying /home/tobi/Documents/masters-thesis/code/clearpath_waypoint_nav/build/clearpath_waypoint_nav/build/lib/clearpath_waypoint_nav/__init__.py -> /home/tobi/Documents/masters-thesis/code/clearpath_waypoint_nav/install/clearpath_waypoint_nav/lib/python3.12/site-packages/clearpath_waypoint_nav
[1.758s] copying /home/tobi/Documents/masters-thesis/code/clearpath_waypoint_nav/build/clearpath_waypoint_nav/build/lib/clearpath_waypoint_nav/waypoint_commander.py -> /home/tobi/Documents/masters-thesis/code/clearpath_waypoint_nav/install/clearpath_waypoint_nav/lib/python3.12/site-packages/clearpath_waypoint_nav
[1.758s] byte-compiling /home/tobi/Documents/masters-thesis/code/clearpath_waypoint_nav/install/clearpath_waypoint_nav/lib/python3.12/site-packages/clearpath_waypoint_nav/__init__.py to __init__.cpython-312.pyc
[1.758s] byte-compiling /home/tobi/Documents/masters-thesis/code/clearpath_waypoint_nav/install/clearpath_waypoint_nav/lib/python3.12/site-packages/clearpath_waypoint_nav/waypoint_commander.py to waypoint_commander.cpython-312.pyc
[1.760s] running install_data
[1.760s] creating /home/tobi/Documents/masters-thesis/code/clearpath_waypoint_nav/install/clearpath_waypoint_nav/share/ament_index
[1.760s] creating /home/tobi/Documents/masters-thesis/code/clearpath_waypoint_nav/install/clearpath_waypoint_nav/share/ament_index/resource_index
[1.760s] creating /home/tobi/Documents/masters-thesis/code/clearpath_waypoint_nav/install/clearpath_waypoint_nav/share/ament_index/resource_index/packages
[1.760s] copying resource/clearpath_waypoint_nav -> /home/tobi/Documents/masters-thesis/code/clearpath_waypoint_nav/install/clearpath_waypoint_nav/share/ament_index/resource_index/packages
[1.760s] copying package.xml -> /home/tobi/Documents/masters-thesis/code/clearpath_waypoint_nav/install/clearpath_waypoint_nav/share/clearpath_waypoint_nav
[1.760s] creating /home/tobi/Documents/masters-thesis/code/clearpath_waypoint_nav/install/clearpath_waypoint_nav/share/clearpath_waypoint_nav/launch
[1.760s] copying launch/waypoint_nav.launch.py -> /home/tobi/Documents/masters-thesis/code/clearpath_waypoint_nav/install/clearpath_waypoint_nav/share/clearpath_waypoint_nav/launch
[1.760s] creating /home/tobi/Documents/masters-thesis/code/clearpath_waypoint_nav/install/clearpath_waypoint_nav/share/clearpath_waypoint_nav/config
[1.760s] copying config/waypoints.yaml -> /home/tobi/Documents/masters-thesis/code/clearpath_waypoint_nav/install/clearpath_waypoint_nav/share/clearpath_waypoint_nav/config
[1.760s] running install_egg_info
[1.774s] Copying build/clearpath_waypoint_nav/clearpath_waypoint_nav.egg-info to /home/tobi/Documents/masters-thesis/code/clearpath_waypoint_nav/install/clearpath_waypoint_nav/lib/python3.12/site-packages/clearpath_waypoint_nav-0.1.0-py3.12.egg-info
[1.775s] running install_scripts
[1.885s] Installing waypoint_commander script to /home/tobi/Documents/masters-thesis/code/clearpath_waypoint_nav/install/clearpath_waypoint_nav/lib/clearpath_waypoint_nav
[1.885s] writing list of installed files to '/home/tobi/Documents/masters-thesis/code/clearpath_waypoint_nav/build/clearpath_waypoint_nav/install.log'
[1.923s] Invoked command in '/home/tobi/Documents/masters-thesis/code/clearpath_waypoint_nav' returned '0': DEBUGINFOD_URLS=https://debuginfod.ubuntu.com PYTHONPATH=/home/tobi/Documents/masters-thesis/code/clearpath_waypoint_nav/build/clearpath_waypoint_nav/prefix_override:/usr/lib/python3/dist-packages/colcon_core/task/python/colcon_distutils_commands:/home/tobi/Documents/masters-thesis/code/clearpath_waypoint_nav/install/clearpath_waypoint_nav/lib/python3.12/site-packages:${PYTHONPATH} /usr/bin/python3 -W ignore:setup.py install is deprecated -W ignore:easy_install command is deprecated setup.py egg_info --egg-base build/clearpath_waypoint_nav build --build-base /home/tobi/Documents/masters-thesis/code/clearpath_waypoint_nav/build/clearpath_waypoint_nav/build install --record /home/tobi/Documents/masters-thesis/code/clearpath_waypoint_nav/build/clearpath_waypoint_nav/install.log --single-version-externally-managed install_data
